/Volumes/GoogleDrive/Другие компьютеры/PC (1)/hw/sem2/proga/lab5 (1)/code/lab-client/src/main/java/lab/commands/CollectionCommand.java
/Volumes/GoogleDrive/Другие компьютеры/PC (1)/hw/sem2/proga/lab5 (1)/code/lab-client/src/main/java/lab/io/Reader.java
/Volumes/GoogleDrive/Другие компьютеры/PC (1)/hw/sem2/proga/lab5 (1)/code/lab-client/src/main/java/lab/client/Client.java
/Volumes/GoogleDrive/Другие компьютеры/PC (1)/hw/sem2/proga/lab5 (1)/code/lab-client/src/main/java/lab/commands/GroupCountingByPassportID.java
/Volumes/GoogleDrive/Другие компьютеры/PC (1)/hw/sem2/proga/lab5 (1)/code/lab-client/src/main/java/lab/util/DataReader.java
/Volumes/GoogleDrive/Другие компьютеры/PC (1)/hw/sem2/proga/lab5 (1)/code/lab-client/src/main/java/lab/commands/AddIfMax.java
/Volumes/GoogleDrive/Другие компьютеры/PC (1)/hw/sem2/proga/lab5 (1)/code/lab-client/src/main/java/lab/commands/FilterLessThanNationality.java
/Volumes/GoogleDrive/Другие компьютеры/PC (1)/hw/sem2/proga/lab5 (1)/code/lab-client/src/main/java/lab/commands/Help.java
/Volumes/GoogleDrive/Другие компьютеры/PC (1)/hw/sem2/proga/lab5 (1)/code/lab-client/src/main/java/lab/commands/Command.java
/Volumes/GoogleDrive/Другие компьютеры/PC (1)/hw/sem2/proga/lab5 (1)/code/lab-client/src/main/java/lab/util/CommandRunner.java
/Volumes/GoogleDrive/Другие компьютеры/PC (1)/hw/sem2/proga/lab5 (1)/code/lab-client/src/main/java/lab/commands/ExecuteScript.java
/Volumes/GoogleDrive/Другие компьютеры/PC (1)/hw/sem2/proga/lab5 (1)/code/lab-client/src/main/java/lab/commands/Clear.java
/Volumes/GoogleDrive/Другие компьютеры/PC (1)/hw/sem2/proga/lab5 (1)/code/lab-client/src/main/java/lab/io/Writter.java
/Volumes/GoogleDrive/Другие компьютеры/PC (1)/hw/sem2/proga/lab5 (1)/code/lab-client/src/main/java/lab/commands/CommandResponse.java
/Volumes/GoogleDrive/Другие компьютеры/PC (1)/hw/sem2/proga/lab5 (1)/code/lab-client/src/main/java/lab/parsers/PersonParser.java
/Volumes/GoogleDrive/Другие компьютеры/PC (1)/hw/sem2/proga/lab5 (1)/code/lab-client/src/main/java/lab/parsers/LocationParser.java
/Volumes/GoogleDrive/Другие компьютеры/PC (1)/hw/sem2/proga/lab5 (1)/code/lab-client/src/main/java/lab/util/StringConverter.java
/Volumes/GoogleDrive/Другие компьютеры/PC (1)/hw/sem2/proga/lab5 (1)/code/lab-client/src/main/java/lab/exceptions/StringIsNullException.java
/Volumes/GoogleDrive/Другие компьютеры/PC (1)/hw/sem2/proga/lab5 (1)/code/lab-client/src/main/java/lab/parsers/CoordinatesParser.java
/Volumes/GoogleDrive/Другие компьютеры/PC (1)/hw/sem2/proga/lab5 (1)/code/lab-client/src/main/java/lab/util/EnumUtil.java
/Volumes/GoogleDrive/Другие компьютеры/PC (1)/hw/sem2/proga/lab5 (1)/code/lab-client/src/main/java/lab/commands/Save.java
/Volumes/GoogleDrive/Другие компьютеры/PC (1)/hw/sem2/proga/lab5 (1)/code/lab-client/src/main/java/lab/exceptions/UnableToConvertStringException.java
/Volumes/GoogleDrive/Другие компьютеры/PC (1)/hw/sem2/proga/lab5 (1)/code/lab-client/src/main/java/lab/commands/Add.java
/Volumes/GoogleDrive/Другие компьютеры/PC (1)/hw/sem2/proga/lab5 (1)/code/lab-client/src/main/java/lab/util/CommandManager.java
/Volumes/GoogleDrive/Другие компьютеры/PC (1)/hw/sem2/proga/lab5 (1)/code/lab-client/src/main/java/lab/io/IOManager.java
/Volumes/GoogleDrive/Другие компьютеры/PC (1)/hw/sem2/proga/lab5 (1)/code/lab-client/src/main/java/lab/commands/RemoveGreater.java
/Volumes/GoogleDrive/Другие компьютеры/PC (1)/hw/sem2/proga/lab5 (1)/code/lab-client/src/main/java/lab/commands/MinByCoordinates.java
/Volumes/GoogleDrive/Другие компьютеры/PC (1)/hw/sem2/proga/lab5 (1)/code/lab-client/src/main/java/lab/commands/Update.java
/Volumes/GoogleDrive/Другие компьютеры/PC (1)/hw/sem2/proga/lab5 (1)/code/lab-client/src/main/java/lab/commands/Show.java
/Volumes/GoogleDrive/Другие компьютеры/PC (1)/hw/sem2/proga/lab5 (1)/code/lab-client/src/main/java/lab/commands/RemoveByID.java
/Volumes/GoogleDrive/Другие компьютеры/PC (1)/hw/sem2/proga/lab5 (1)/code/lab-client/src/main/java/lab/commands/Info.java
/Volumes/GoogleDrive/Другие компьютеры/PC (1)/hw/sem2/proga/lab5 (1)/code/lab-client/src/main/java/lab/commands/Exit.java
/Volumes/GoogleDrive/Другие компьютеры/PC (1)/hw/sem2/proga/lab5 (1)/code/lab-client/src/main/java/lab/commands/CommandResult.java
/Volumes/GoogleDrive/Другие компьютеры/PC (1)/hw/sem2/proga/lab5 (1)/code/lab-client/src/main/java/lab/commands/History.java
